[browser] [next]/internal/font/google/jetbrains_mono_11810b75.module.css:61:8
Module not found: Can't resolve '@vercel/turbopack-next/internal/font/google/font'
  59 |   font-weight: 500;
  60 |   font-display: swap;
> 61 |   src: url(@vercel/turbopack-next/internal/font/google/font?{%22url%22:%22https://fonts.gstatic.com/s...
     |        ^
  62 |   unicode-range: U+0460-052F, U+1C80-1C8A, U+20B4, U+2DE0-2DFF, U+A640-A69F, U+FE2E-FE2F;
  63 | }
  64 | /* cyrillic */

Import map: Resolved by import map

Import trace:
  Server Component:
    [next]/internal/font/google/jetbrains_mono_11810b75.module.css
    [next]/internal/font/google/jetbrains_mono_11810b75.js
    ./app/layout.tsx

https://nextjs.org/docs/messages/module-not-found 
    at handleErrors (file://D:/WORKS/PLAN/Nexion-admin-prototype/.next/dev/static/chunks/node_modules_next_dist_client_0pe1dg-._.js:2774:21)
    at processMessage (file://D:/WORKS/PLAN/Nexion-admin-prototype/.next/dev/static/chunks/node_modules_next_dist_client_0pe1dg-._.js:2828:28)
    at <unknown> (file://D:/WORKS/PLAN/Nexion-admin-prototype/.next/dev/static/chunks/node_modules_next_dist_client_0pe1dg-._.js:2680:13)
    at WebSocket.handleMessage (file://D:/WORKS/PLAN/Nexion-admin-prototype/.next/dev/static/chunks/node_modules_next_dist_client_0pe1dg-._.js:2325:17) (file://D:/WORKS/PLAN/Nexion-admin-prototype/.next/dev/static/chunks/node_modules_next_dist_client_0pe1dg-._.js:2774:21)
[browser] [next]/internal/font/google/jetbrains_mono_11810b75.module.css:61:8
Module not found: Can't resolve '@vercel/turbopack-next/internal/font/google/font'
  59 |   font-weight: 500;
  60 |   font-display: swap;
> 61 |   src: url(@vercel/turbopack-next/internal/font/google/font?{%22url%22:%22https://fonts.gstatic.com/s...
     |        ^
  62 |   unicode-range: U+0460-052F, U+1C80-1C8A, U+20B4, U+2DE0-2DFF, U+A640-A69F, U+FE2E-FE2F;
  63 | }
  64 | /* cyrillic */

Import map: Resolved by import map

Import trace:
  Server Component:
    [next]/internal/font/google/jetbrains_mono_11810b75.module.css
    [next]/internal/font/google/jetbrains_mono_11810b75.js
    ./app/layout.tsx

https://nextjs.org/docs/messages/module-not-found 
    at handleErrors (file://D:/WORKS/PLAN/Nexion-admin-prototype/.next/dev/static/chunks/node_modules_next_dist_client_0pe1dg-._.js:2774:21)
    at processMessage (file://D:/WORKS/PLAN/Nexion-admin-prototype/.next/dev/static/chunks/node_modules_next_dist_client_0pe1dg-._.js:2828:28)
    at <unknown> (file://D:/WORKS/PLAN/Nexion-admin-prototype/.next/dev/static/chunks/node_modules_next_dist_client_0pe1dg-._.js:2680:13)
    at WebSocket.handleMessage (file://D:/WORKS/PLAN/Nexion-admin-prototype/.next/dev/static/chunks/node_modules_next_dist_client_0pe1dg-._.js:2325:17) (file://D:/WORKS/PLAN/Nexion-admin-prototype/.next/dev/static/chunks/node_modules_next_dist_client_0pe1dg-._.js:2774:21)
[browser] [next]/internal/font/google/jetbrains_mono_11810b75.module.css:61:8
Module not found: Can't resolve '@vercel/turbopack-next/internal/font/google/font'
  59 |   font-weight: 500;
  60 |   font-display: swap;
> 61 |   src: url(@vercel/turbopack-next/internal/font/google/font?{%22url%22:%22https://fonts.gstatic.com/s...
     |        ^
  62 |   unicode-range: U+0460-052F, U+1C80-1C8A, U+20B4, U+2DE0-2DFF, U+A640-A69F, U+FE2E-FE2F;
  63 | }
  64 | /* cyrillic */

Import map: Resolved by import map

Import trace:
  Server Component:
    [next]/internal/font/google/jetbrains_mono_11810b75.module.css
    [next]/internal/font/google/jetbrains_mono_11810b75.js
    ./app/layout.tsx

https://nextjs.org/docs/messages/module-not-found 
    at handleErrors (file://D:/WORKS/PLAN/Nexion-admin-prototype/.next/dev/static/chunks/node_modules_next_dist_client_0pe1dg-._.js:2774:21)
    at processMessage (file://D:/WORKS/PLAN/Nexion-admin-prototype/.next/dev/static/chunks/node_modules_next_dist_client_0pe1dg-._.js:2828:28)
    at <unknown> (file://D:/WORKS/PLAN/Nexion-admin-prototype/.next/dev/static/chunks/node_modules_next_dist_client_0pe1dg-._.js:2680:13)
    at WebSocket.handleMessage (file://D:/WORKS/PLAN/Nexion-admin-prototype/.next/dev/static/chunks/node_modules_next_dist_client_0pe1dg-._.js:2325:17) (file://D:/WORKS/PLAN/Nexion-admin-prototype/.next/dev/static/chunks/node_modules_next_dist_client_0pe1dg-._.js:2774:21)
[browser] [next]/internal/font/google/jetbrains_mono_11810b75.module.css:61:8
Module not found: Can't resolve '@vercel/turbopack-next/internal/font/google/font'
  59 |   font-weight: 500;
  60 |   font-display: swap;
> 61 |   src: url(@vercel/turbopack-next/internal/font/google/font?{%22url%22:%22https://fonts.gstatic.com/s...
     |        ^
  62 |   unicode-range: U+0460-052F, U+1C80-1C8A, U+20B4, U+2DE0-2DFF, U+A640-A69F, U+FE2E-FE2F;
  63 | }
  64 | /* cyrillic */

Import map: Resolved by import map

Import trace:
  Server Component:
    [next]/internal/font/google/jetbrains_mono_11810b75.module.css
    [next]/internal/font/google/jetbrains_mono_11810b75.js
    ./app/layout.tsx

https://nextjs.org/docs/messages/module-not-found 
    at handleErrors (file://D:/WORKS/PLAN/Nexion-admin-prototype/.next/dev/static/chunks/node_modules_next_dist_client_0pe1dg-._.js:2774:21)
    at processMessage (file://D:/WORKS/PLAN/Nexion-admin-prototype/.next/dev/static/chunks/node_modules_next_dist_client_0pe1dg-._.js:2828:28)
    at <unknown> (file://D:/WORKS/PLAN/Nexion-admin-prototype/.next/dev/static/chunks/node_modules_next_dist_client_0pe1dg-._.js:2680:13)
    at WebSocket.handleMessage (file://D:/WORKS/PLAN/Nexion-admin-prototype/.next/dev/static/chunks/node_modules_next_dist_client_0pe1dg-._.js:2325:17) (file://D:/WORKS/PLAN/Nexion-admin-prototype/.next/dev/static/chunks/node_modules_next_dist_client_0pe1dg-._.js:2774:21)
Client network socket disconnected before secure TLS connection was established

Retrying 1/3...
Client network socket disconnected before secure TLS connection was established

Retrying 1/3...
Client network socket disconnected before secure TLS connection was established

Retrying 1/3...
Client network socket disconnected before secure TLS connection was established

Retrying 1/3...
Client network socket disconnected before secure TLS connection was established

Retrying 1/3...
Client network socket disconnected before secure TLS connection was established

Retrying 1/3...
Client network socket disconnected before secure TLS connection was established

Retrying 1/3...
Client network socket disconnected before secure TLS connection was established

Retrying 1/3...
Client network socket disconnected before secure TLS connection was established

Retrying 1/3...
Request timed out after 3000ms

Retrying 1/3...
Client network socket disconnected before secure TLS connection was established

Retrying 2/3...
Client network socket disconnected before secure TLS connection was established

Retrying 2/3...
Client network socket disconnected before secure TLS connection was established

Retrying 2/3...
Client network socket disconnected before secure TLS connection was established

Retrying 2/3...
Request timed out after 3000ms

Retrying 2/3...
Client network socket disconnected before secure TLS connection was established

Retrying 3/3...
[browser] Can't perform a React state update on a component that hasn't mounted yet. This indicates that you have a side-effect in your render function that asynchronously tries to update the component. Move this work to useEffect instead. 
[browser] Can't perform a React state update on a component that hasn't mounted yet. This indicates that you have a side-effect in your render function that asynchronously tries to update the component. Move this work to useEffect instead. 
[browser] Can't perform a React state update on a component that hasn't mounted yet. This indicates that you have a side-effect in your render function that asynchronously tries to update the component. Move this work to useEffect instead. 
[browser] Can't perform a React state update on a component that hasn't mounted yet. This indicates that you have a side-effect in your render function that asynchronously tries to update the component. Move this work to useEffect instead. 
