[     161ms] [INFO] %cDownload the React DevTools for a better development experience: https://react.dev/link/react-devtools font-weight:bold @ http://localhost:3002/_next/static/chunks/node_modules_next_dist_115brz8._.js:2477
[     228ms] [LOG] [HMR] connected @ http://localhost:3002/_next/static/chunks/node_modules_next_dist_115brz8._.js:2477
[    3306ms] [WARNING] The resource http://localhost:3002/_next/static/chunks/app_components_domain-views_0d9r.7j._.css was preloaded using link preload but not used within a few seconds from the window's load event. Please make sure it has an appropriate `as` value and it is preloaded intentionally. @ http://localhost:3002/risk/janus-c2:0
[  168732ms] [LOG] [Fast Refresh] rebuilding @ http://localhost:3002/_next/static/chunks/node_modules_next_dist_115brz8._.js:2477
[  169120ms] [LOG] [Fast Refresh] done in 190ms @ http://localhost:3002/_next/static/chunks/node_modules_next_dist_115brz8._.js:2477
[  227084ms] [LOG] [Fast Refresh] rebuilding @ http://localhost:3002/_next/static/chunks/node_modules_next_dist_115brz8._.js:2477
[  227384ms] [LOG] [Fast Refresh] done in 400ms @ http://localhost:3002/_next/static/chunks/node_modules_next_dist_115brz8._.js:2477
[  227487ms] [LOG] [Fast Refresh] rebuilding @ http://localhost:3002/_next/static/chunks/node_modules_next_dist_115brz8._.js:2477
[  227596ms] [LOG] [Fast Refresh] done in 211ms @ http://localhost:3002/_next/static/chunks/node_modules_next_dist_115brz8._.js:2477
[  247604ms] [LOG] [Fast Refresh] rebuilding @ http://localhost:3002/_next/static/chunks/node_modules_next_dist_115brz8._.js:2477
[  247939ms] [LOG] [Fast Refresh] done in 334ms @ http://localhost:3002/_next/static/chunks/node_modules_next_dist_115brz8._.js:2477
[  248040ms] [LOG] [Fast Refresh] rebuilding @ http://localhost:3002/_next/static/chunks/node_modules_next_dist_115brz8._.js:2477
[  248215ms] [LOG] [Fast Refresh] done in 275ms @ http://localhost:3002/_next/static/chunks/node_modules_next_dist_115brz8._.js:2477
[  261819ms] [LOG] [Fast Refresh] rebuilding @ http://localhost:3002/_next/static/chunks/node_modules_next_dist_115brz8._.js:2477
[  262239ms] [LOG] [Fast Refresh] done in 433ms @ http://localhost:3002/_next/static/chunks/node_modules_next_dist_115brz8._.js:2477
[  262342ms] [LOG] [Fast Refresh] rebuilding @ http://localhost:3002/_next/static/chunks/node_modules_next_dist_115brz8._.js:2477
[  262547ms] [LOG] [Fast Refresh] done in 309ms @ http://localhost:3002/_next/static/chunks/node_modules_next_dist_115brz8._.js:2477
[  280346ms] [LOG] [Fast Refresh] rebuilding @ http://localhost:3002/_next/static/chunks/node_modules_next_dist_115brz8._.js:2477
[  280698ms] [LOG] [Fast Refresh] done in 369ms @ http://localhost:3002/_next/static/chunks/node_modules_next_dist_115brz8._.js:2477
[  280803ms] [LOG] [Fast Refresh] rebuilding @ http://localhost:3002/_next/static/chunks/node_modules_next_dist_115brz8._.js:2477
[  281007ms] [LOG] [Fast Refresh] done in 306ms @ http://localhost:3002/_next/static/chunks/node_modules_next_dist_115brz8._.js:2477
[  287032ms] [LOG] [Fast Refresh] rebuilding @ http://localhost:3002/_next/static/chunks/node_modules_next_dist_115brz8._.js:2477
[  287373ms] [LOG] [Fast Refresh] done in 342ms @ http://localhost:3002/_next/static/chunks/node_modules_next_dist_115brz8._.js:2477
[  287478ms] [LOG] [Fast Refresh] rebuilding @ http://localhost:3002/_next/static/chunks/node_modules_next_dist_115brz8._.js:2477
[  287662ms] [LOG] [Fast Refresh] done in 288ms @ http://localhost:3002/_next/static/chunks/node_modules_next_dist_115brz8._.js:2477
[  329145ms] [LOG] [Fast Refresh] rebuilding @ http://localhost:3002/_next/static/chunks/node_modules_next_dist_115brz8._.js:2477
[  329146ms] [LOG] [Fast Refresh] done in 104ms @ http://localhost:3002/_next/static/chunks/node_modules_next_dist_115brz8._.js:2477
[  341858ms] [LOG] [Fast Refresh] rebuilding @ http://localhost:3002/_next/static/chunks/node_modules_next_dist_115brz8._.js:2477
[  342039ms] [LOG] [Fast Refresh] done in 242ms @ http://localhost:3002/_next/static/chunks/node_modules_next_dist_115brz8._.js:2477
[  342142ms] [LOG] [Fast Refresh] rebuilding @ http://localhost:3002/_next/static/chunks/node_modules_next_dist_115brz8._.js:2477
[  342283ms] [LOG] [Fast Refresh] done in 244ms @ http://localhost:3002/_next/static/chunks/node_modules_next_dist_115brz8._.js:2477
[  342398ms] [LOG] [Fast Refresh] rebuilding @ http://localhost:3002/_next/static/chunks/node_modules_next_dist_115brz8._.js:2477
[  342468ms] [LOG] [Fast Refresh] done in 176ms @ http://localhost:3002/_next/static/chunks/node_modules_next_dist_115brz8._.js:2477
[  342669ms] [LOG] [Fast Refresh] rebuilding @ http://localhost:3002/_next/static/chunks/node_modules_next_dist_115brz8._.js:2477
[  342779ms] [LOG] [Fast Refresh] done in 221ms @ http://localhost:3002/_next/static/chunks/node_modules_next_dist_115brz8._.js:2477
[  342904ms] [LOG] [Fast Refresh] rebuilding @ http://localhost:3002/_next/static/chunks/node_modules_next_dist_115brz8._.js:2477
[  342968ms] [LOG] [Fast Refresh] done in 168ms @ http://localhost:3002/_next/static/chunks/node_modules_next_dist_115brz8._.js:2477
[  343095ms] [LOG] [Fast Refresh] rebuilding @ http://localhost:3002/_next/static/chunks/node_modules_next_dist_115brz8._.js:2477
[  343123ms] [LOG] [Fast Refresh] done in 135ms @ http://localhost:3002/_next/static/chunks/node_modules_next_dist_115brz8._.js:2477
[  343315ms] [LOG] [Fast Refresh] rebuilding @ http://localhost:3002/_next/static/chunks/node_modules_next_dist_115brz8._.js:2477
[  343335ms] [LOG] [Fast Refresh] done in 123ms @ http://localhost:3002/_next/static/chunks/node_modules_next_dist_115brz8._.js:2477
[  343520ms] [LOG] [Fast Refresh] rebuilding @ http://localhost:3002/_next/static/chunks/node_modules_next_dist_115brz8._.js:2477
[  343556ms] [LOG] [Fast Refresh] done in 136ms @ http://localhost:3002/_next/static/chunks/node_modules_next_dist_115brz8._.js:2477
[  343676ms] [LOG] [Fast Refresh] rebuilding @ http://localhost:3002/_next/static/chunks/node_modules_next_dist_115brz8._.js:2477
[  343754ms] [LOG] [Fast Refresh] done in 179ms @ http://localhost:3002/_next/static/chunks/node_modules_next_dist_115brz8._.js:2477
[  343881ms] [LOG] [Fast Refresh] rebuilding @ http://localhost:3002/_next/static/chunks/node_modules_next_dist_115brz8._.js:2477
[  343894ms] [LOG] [Fast Refresh] done in 114ms @ http://localhost:3002/_next/static/chunks/node_modules_next_dist_115brz8._.js:2477
[  350745ms] [LOG] [Fast Refresh] rebuilding @ http://localhost:3002/_next/static/chunks/node_modules_next_dist_115brz8._.js:2477
[  350927ms] [LOG] [Fast Refresh] done in 232ms @ http://localhost:3002/_next/static/chunks/node_modules_next_dist_115brz8._.js:2477
[  351031ms] [LOG] [Fast Refresh] rebuilding @ http://localhost:3002/_next/static/chunks/node_modules_next_dist_115brz8._.js:2477
[  351302ms] [LOG] [Fast Refresh] done in 375ms @ http://localhost:3002/_next/static/chunks/node_modules_next_dist_115brz8._.js:2477
[  351470ms] [LOG] [Fast Refresh] rebuilding @ http://localhost:3002/_next/static/chunks/node_modules_next_dist_115brz8._.js:2477
[  351523ms] [LOG] [Fast Refresh] done in 154ms @ http://localhost:3002/_next/static/chunks/node_modules_next_dist_115brz8._.js:2477
[  351748ms] [LOG] [Fast Refresh] rebuilding @ http://localhost:3002/_next/static/chunks/node_modules_next_dist_115brz8._.js:2477
[  351841ms] [LOG] [Fast Refresh] done in 195ms @ http://localhost:3002/_next/static/chunks/node_modules_next_dist_115brz8._.js:2477
[  352108ms] [LOG] [Fast Refresh] rebuilding @ http://localhost:3002/_next/static/chunks/node_modules_next_dist_115brz8._.js:2477
[  352209ms] [LOG] [Fast Refresh] done in 206ms @ http://localhost:3002/_next/static/chunks/node_modules_next_dist_115brz8._.js:2477
[  352381ms] [LOG] [Fast Refresh] rebuilding @ http://localhost:3002/_next/static/chunks/node_modules_next_dist_115brz8._.js:2477
[  352438ms] [LOG] [Fast Refresh] done in 166ms @ http://localhost:3002/_next/static/chunks/node_modules_next_dist_115brz8._.js:2477
[  352606ms] [LOG] [Fast Refresh] rebuilding @ http://localhost:3002/_next/static/chunks/node_modules_next_dist_115brz8._.js:2477
[  352638ms] [LOG] [Fast Refresh] done in 134ms @ http://localhost:3002/_next/static/chunks/node_modules_next_dist_115brz8._.js:2477
[  352749ms] [LOG] [Fast Refresh] rebuilding @ http://localhost:3002/_next/static/chunks/node_modules_next_dist_115brz8._.js:2477
[  352810ms] [LOG] [Fast Refresh] done in 172ms @ http://localhost:3002/_next/static/chunks/node_modules_next_dist_115brz8._.js:2477
[  352928ms] [LOG] [Fast Refresh] rebuilding @ http://localhost:3002/_next/static/chunks/node_modules_next_dist_115brz8._.js:2477
[  352945ms] [LOG] [Fast Refresh] done in 117ms @ http://localhost:3002/_next/static/chunks/node_modules_next_dist_115brz8._.js:2477
[  353131ms] [LOG] [Fast Refresh] rebuilding @ http://localhost:3002/_next/static/chunks/node_modules_next_dist_115brz8._.js:2477
[  353167ms] [LOG] [Fast Refresh] done in 143ms @ http://localhost:3002/_next/static/chunks/node_modules_next_dist_115brz8._.js:2477
[  386677ms] [LOG] [Fast Refresh] rebuilding @ http://localhost:3002/_next/static/chunks/node_modules_next_dist_115brz8._.js:2477
[  386680ms] [LOG] [Fast Refresh] done in 105ms @ http://localhost:3002/_next/static/chunks/node_modules_next_dist_115brz8._.js:2477
[  386929ms] [LOG] [Fast Refresh] rebuilding @ http://localhost:3002/_next/static/chunks/node_modules_next_dist_115brz8._.js:2477
[  386932ms] [LOG] [Fast Refresh] done in 108ms @ http://localhost:3002/_next/static/chunks/node_modules_next_dist_115brz8._.js:2477
[  387396ms] [LOG] [Fast Refresh] rebuilding @ http://localhost:3002/_next/static/chunks/node_modules_next_dist_115brz8._.js:2477
[  387548ms] [LOG] [Fast Refresh] done in 264ms @ http://localhost:3002/_next/static/chunks/node_modules_next_dist_115brz8._.js:2477
[  393945ms] [LOG] [Fast Refresh] rebuilding @ http://localhost:3002/_next/static/chunks/node_modules_next_dist_115brz8._.js:2477
[  393948ms] [LOG] [Fast Refresh] done in 105ms @ http://localhost:3002/_next/static/chunks/node_modules_next_dist_115brz8._.js:2477
[  397300ms] [LOG] [Fast Refresh] rebuilding @ http://localhost:3002/_next/static/chunks/node_modules_next_dist_115brz8._.js:2477
[  397356ms] [LOG] [Fast Refresh] done in 107ms @ http://localhost:3002/_next/static/chunks/node_modules_next_dist_115brz8._.js:2477
[  397473ms] [LOG] [Fast Refresh] rebuilding @ http://localhost:3002/_next/static/chunks/node_modules_next_dist_115brz8._.js:2477
[  397604ms] [LOG] [Fast Refresh] done in 234ms @ http://localhost:3002/_next/static/chunks/node_modules_next_dist_115brz8._.js:2477
[  397729ms] [LOG] [Fast Refresh] rebuilding @ http://localhost:3002/_next/static/chunks/node_modules_next_dist_115brz8._.js:2477
[  397777ms] [LOG] [Fast Refresh] done in 153ms @ http://localhost:3002/_next/static/chunks/node_modules_next_dist_115brz8._.js:2477
[  397910ms] [LOG] [Fast Refresh] rebuilding @ http://localhost:3002/_next/static/chunks/node_modules_next_dist_115brz8._.js:2477
[  398068ms] [LOG] [Fast Refresh] done in 268ms @ http://localhost:3002/_next/static/chunks/node_modules_next_dist_115brz8._.js:2477
[  398184ms] [LOG] [Fast Refresh] rebuilding @ http://localhost:3002/_next/static/chunks/node_modules_next_dist_115brz8._.js:2477
[  398249ms] [LOG] [Fast Refresh] done in 164ms @ http://localhost:3002/_next/static/chunks/node_modules_next_dist_115brz8._.js:2477
[  398713ms] [LOG] [Fast Refresh] rebuilding @ http://localhost:3002/_next/static/chunks/node_modules_next_dist_115brz8._.js:2477
[  398718ms] [LOG] [Fast Refresh] done in 109ms @ http://localhost:3002/_next/static/chunks/node_modules_next_dist_115brz8._.js:2477
